[{"id":1,"name":"test name1","description":"test description1","isPrivate":false,"isArchive":false}]