[{"id":1,"userId":1,"name":"test name1","description":"test description1","isPrivate":false,"isArchive":false},{"id":2,"userId":1,"name":"test name2","description":"test description2","isPrivate":false,"isArchive":false}]