{"id":0,"userId":1,"name":"new board","description":"","isPrivate":false,"isArchive":false}