{"id":0,"userId":1,"name":"new board","description":"test description","isPrivate":true,"isArchive":false}