[{"id":1,"userId":0,"title":"test title","description":"test description","url":"test url","imageUrl":"test image url","isPrivate":false},{"id":2,"userId":0,"title":"test title 2","description":"test description2","url":"test url2","imageUrl":"test image url2","isPrivate":false}]