{"id":1,"userId":0,"title":"test title","description":"test description","url":"test url","imageUrl":"test image url","isPrivate":false}