{"id":0,"userId":1,"title":"test title","description":"test description","url":"","imageUrl":"dummy-s3-url","isPrivate":false}